==3443== Helgrind, a thread error detector
==3443== Copyright (C) 2007-2017, and GNU GPL'd, by OpenWorks LLP et al.
==3443== Using Valgrind-3.22.0 and LibVEX; rerun with -h for copyright info
==3443== Command: ./threadpool --all
==3443== 
==3443== error calling PR_SET_PTRACER, vgdb might block
[36m[B01][0m Basic execution (3 tasks on 2 threads)... ==3444== 
==3444== Use --history-level=approx or =none to gain increased speed, at
==3444== the cost of reduced accuracy of conflicting-access information
==3444== For lists of detected and suppressed errors, rerun with: -s
==3444== ERROR SUMMARY: 0 errors from 0 contexts (suppressed: 264 from 16)
[1;32m✅ PASSED[0m
[36m[B02][0m Wait without scheduling... ==3448== 
==3448== Use --history-level=approx or =none to gain increased speed, at
==3448== the cost of reduced accuracy of conflicting-access information
==3448== For lists of detected and suppressed errors, rerun with: -s
==3448== ERROR SUMMARY: 0 errors from 0 contexts (suppressed: 110 from 13)
[1;32m✅ PASSED[0m
[36m[B03][0m Serial execution with 1 thread... ==3454== 
==3454== Use --history-level=approx or =none to gain increased speed, at
==3454== the cost of reduced accuracy of conflicting-access information
==3454== For lists of detected and suppressed errors, rerun with: -s
==3454== ERROR SUMMARY: 0 errors from 0 contexts (suppressed: 375 from 16)
[1;32m✅ PASSED[0m
[36m[B04][0m FIFO execution in single-thread mode... ==3457== 
==3457== Use --history-level=approx or =none to gain increased speed, at
==3457== the cost of reduced accuracy of conflicting-access information
==3457== For lists of detected and suppressed errors, rerun with: -s
==3457== ERROR SUMMARY: 0 errors from 0 contexts (suppressed: 685 from 16)
[1;32m✅ PASSED[0m
[32m[C01][0m Stress with 1000 tasks... ==3460== 
==3460== Use --history-level=approx or =none to gain increased speed, at
==3460== the cost of reduced accuracy of conflicting-access information
==3460== For lists of detected and suppressed errors, rerun with: -s
==3460== ERROR SUMMARY: 0 errors from 0 contexts (suppressed: 56294 from 16)
[1;32m✅ PASSED[0m
[32m[C02][0m Reusing the pool after wait... ==3470== 
==3470== Use --history-level=approx or =none to gain increased speed, at
==3470== the cost of reduced accuracy of conflicting-access information
==3470== For lists of detected and suppressed errors, rerun with: -s
==3470== ERROR SUMMARY: 0 errors from 0 contexts (suppressed: 288 from 17)
[1;32m✅ PASSED[0m
[32m[C03][0m Multiple wait() calls... ==3476== 
==3476== Use --history-level=approx or =none to gain increased speed, at
==3476== the cost of reduced accuracy of conflicting-access information
==3476== For lists of detected and suppressed errors, rerun with: -s
==3476== ERROR SUMMARY: 0 errors from 0 contexts (suppressed: 192 from 16)
[1;32m✅ PASSED[0m
[35m[E01][0m Massive stress (10k tasks)... ==3482== 
==3482== Use --history-level=approx or =none to gain increased speed, at
==3482== the cost of reduced accuracy of conflicting-access information
==3482== For lists of detected and suppressed errors, rerun with: -s
==3482== ERROR SUMMARY: 0 errors from 0 contexts (suppressed: 560472 from 16)
[1;32m✅ PASSED[0m
[35m[E02][0m Long tasks then shutdown... ==3500== 
==3500== Use --history-level=approx or =none to gain increased speed, at
==3500== the cost of reduced accuracy of conflicting-access information
==3500== For lists of detected and suppressed errors, rerun with: -s
==3500== ERROR SUMMARY: 0 errors from 0 contexts (suppressed: 783 from 16)
[1;32m✅ PASSED[0m
[35m[E03][0m Lots of short tasks on few threads... ==3506== 
==3506== Use --history-level=approx or =none to gain increased speed, at
==3506== the cost of reduced accuracy of conflicting-access information
==3506== For lists of detected and suppressed errors, rerun with: -s
==3506== ERROR SUMMARY: 0 errors from 0 contexts (suppressed: 13288 from 16)
[1;32m✅ PASSED[0m
[35m[E04][0m Detect potential deadlock... ==3510== 
==3510== Use --history-level=approx or =none to gain increased speed, at
==3510== the cost of reduced accuracy of conflicting-access information
==3510== For lists of detected and suppressed errors, rerun with: -s
==3510== ERROR SUMMARY: 0 errors from 0 contexts (suppressed: 168 from 26)
[1;32m✅ PASSED[0m
[35m[E05][0m Simulated pendingTasks tracking... ==3515== 
==3515== Use --history-level=approx or =none to gain increased speed, at
==3515== the cost of reduced accuracy of conflicting-access information
==3515== For lists of detected and suppressed errors, rerun with: -s
==3515== ERROR SUMMARY: 0 errors from 0 contexts (suppressed: 6429 from 16)
[1;32m✅ PASSED[0m
[34m[F01][0m Schedule from multiple threads... ==3521== 
==3521== Use --history-level=approx or =none to gain increased speed, at
==3521== the cost of reduced accuracy of conflicting-access information
==3521== For lists of detected and suppressed errors, rerun with: -s
==3521== ERROR SUMMARY: 0 errors from 0 contexts (suppressed: 136362 from 18)
[1;32m✅ PASSED[0m
[34m[F02][0m Schedule after destruction (invalid use)... ==3535== 
==3535== Use --history-level=approx or =none to gain increased speed, at
==3535== the cost of reduced accuracy of conflicting-access information
==3535== For lists of detected and suppressed errors, rerun with: -s
==3535== ERROR SUMMARY: 0 errors from 0 contexts (suppressed: 145 from 16)
[1;32m✅ PASSED[0m
[34m[F03][0m Schedule inside another task... ==3539== 
==3539== Use --history-level=approx or =none to gain increased speed, at
==3539== the cost of reduced accuracy of conflicting-access information
==3539== For lists of detected and suppressed errors, rerun with: -s
==3539== ERROR SUMMARY: 0 errors from 0 contexts (suppressed: 269 from 12)
[1;32m✅ PASSED[0m
[34m[F04][0m Wait blocks until all tasks finish... ==3545== 
==3545== Use --history-level=approx or =none to gain increased speed, at
==3545== the cost of reduced accuracy of conflicting-access information
==3545== For lists of detected and suppressed errors, rerun with: -s
==3545== ERROR SUMMARY: 0 errors from 0 contexts (suppressed: 145 from 16)
[1;32m✅ PASSED[0m
[34m[F06][0m Many waits in parallel... ==3549== 
==3549== Use --history-level=approx or =none to gain increased speed, at
==3549== the cost of reduced accuracy of conflicting-access information
==3549== For lists of detected and suppressed errors, rerun with: -s
==3549== ERROR SUMMARY: 0 errors from 0 contexts (suppressed: 3736 from 17)
[1;32m✅ PASSED[0m
[34m[F07][0m High contention on atomic counter... ==3560== 
==3560== Use --history-level=approx or =none to gain increased speed, at
==3560== the cost of reduced accuracy of conflicting-access information
==3560== For lists of detected and suppressed errors, rerun with: -s
==3560== ERROR SUMMARY: 0 errors from 0 contexts (suppressed: 56995 from 16)
[1;32m✅ PASSED[0m
[34m[F08][0m Destroy pool immediately after scheduling... ==3566== 
==3566== Use --history-level=approx or =none to gain increased speed, at
==3566== the cost of reduced accuracy of conflicting-access information
==3566== For lists of detected and suppressed errors, rerun with: -s
==3566== ERROR SUMMARY: 0 errors from 0 contexts (suppressed: 735 from 16)
[1;32m✅ PASSED[0m
[34m[F09][0m Interleaved schedule/wait execution... ==3570== 
==3570== Use --history-level=approx or =none to gain increased speed, at
==3570== the cost of reduced accuracy of conflicting-access information
==3570== For lists of detected and suppressed errors, rerun with: -s
==3570== ERROR SUMMARY: 0 errors from 0 contexts (suppressed: 3907 from 22)
[1;32m✅ PASSED[0m
[34m[F10][0m Multiple schedule/wait rounds... ==3575== 
==3575== Use --history-level=approx or =none to gain increased speed, at
==3575== the cost of reduced accuracy of conflicting-access information
==3575== For lists of detected and suppressed errors, rerun with: -s
==3575== ERROR SUMMARY: 0 errors from 0 contexts (suppressed: 0 from 0)
[1;32m✅ PASSED[0m
[34m[F11][0m Multiple wait() calls inside tasks... ==3576== 
==3576== Use --history-level=approx or =none to gain increased speed, at
==3576== the cost of reduced accuracy of conflicting-access information
==3576== For lists of detected and suppressed errors, rerun with: -s
==3576== ERROR SUMMARY: 0 errors from 0 contexts (suppressed: 0 from 0)
[1;32m✅ PASSED[0m
[34m[F12][0m Concurrent schedule/wait in parallel... ==3577== 
==3577== Use --history-level=approx or =none to gain increased speed, at
==3577== the cost of reduced accuracy of conflicting-access information
==3577== For lists of detected and suppressed errors, rerun with: -s
==3577== ERROR SUMMARY: 0 errors from 0 contexts (suppressed: 13477 from 18)
[1;32m✅ PASSED[0m
[31m[H01][0m Wait inside task should deadlock... ==3589== 
==3589== Use --history-level=approx or =none to gain increased speed, at
==3589== the cost of reduced accuracy of conflicting-access information
==3589== For lists of detected and suppressed errors, rerun with: -s
==3589== ERROR SUMMARY: 0 errors from 0 contexts (suppressed: 0 from 0)
[1;32m✅ PASSED[0m
[33m[L01][0m Destructor waits for tasks completion... ==3590== 
==3590== Use --history-level=approx or =none to gain increased speed, at
==3590== the cost of reduced accuracy of conflicting-access information
==3590== For lists of detected and suppressed errors, rerun with: -s
==3590== ERROR SUMMARY: 0 errors from 0 contexts (suppressed: 120 from 16)
[1;32m✅ PASSED[0m
[33m[L02][0m Repeated pool creation and destruction... ==3593== 
==3593== Use --history-level=approx or =none to gain increased speed, at
==3593== the cost of reduced accuracy of conflicting-access information
==3593== For lists of detected and suppressed errors, rerun with: -s
==3593== ERROR SUMMARY: 0 errors from 0 contexts (suppressed: 66079 from 16)
[1;32m✅ PASSED[0m
[91m[M01][0m Schedule nullptr function... ==3894== 
==3894== Use --history-level=approx or =none to gain increased speed, at
==3894== the cost of reduced accuracy of conflicting-access information
==3894== For lists of detected and suppressed errors, rerun with: -s
==3894== ERROR SUMMARY: 0 errors from 0 contexts (suppressed: 66 from 13)
[1;32m✅ PASSED[0m
[91m[M02][0m wait() during infinite rescheduling... ==3898== 
==3898== Use --history-level=approx or =none to gain increased speed, at
==3898== the cost of reduced accuracy of conflicting-access information
==3898== For lists of detected and suppressed errors, rerun with: -s
==3898== ERROR SUMMARY: 0 errors from 0 contexts (suppressed: 0 from 0)
[1;32m✅ PASSED[0m
[96m[N01][0m Deep nested task scheduling... ==3899== 
==3899== Use --history-level=approx or =none to gain increased speed, at
==3899== the cost of reduced accuracy of conflicting-access information
==3899== For lists of detected and suppressed errors, rerun with: -s
==3899== ERROR SUMMARY: 0 errors from 0 contexts (suppressed: 357 from 23)
[1;32m✅ PASSED[0m
[96m[N02][0m Extreme nested scheduling (1000)... ==3906== 
==3906== Use --history-level=approx or =none to gain increased speed, at
==3906== the cost of reduced accuracy of conflicting-access information
==3906== For lists of detected and suppressed errors, rerun with: -s
==3906== ERROR SUMMARY: 0 errors from 0 contexts (suppressed: 77133 from 23)
[1;31m❌ FAILED[0m
[95m[T01][0m Parallel speedup benchmark (4 tasks)... ==3913== 
==3913== Use --history-level=approx or =none to gain increased speed, at
==3913== the cost of reduced accuracy of conflicting-access information
==3913== For lists of detected and suppressed errors, rerun with: -s
==3913== ERROR SUMMARY: 0 errors from 0 contexts (suppressed: 406 from 16)
[1;32m✅ PASSED[0m

========================================
Ran 31 tests.
❌ SOME TESTS FAILED
========================================
==3443== 
==3443== Use --history-level=approx or =none to gain increased speed, at
==3443== the cost of reduced accuracy of conflicting-access information
==3443== For lists of detected and suppressed errors, rerun with: -s
==3443== ERROR SUMMARY: 0 errors from 0 contexts (suppressed: 0 from 0)
